###############################################################################
#
# IAR ELF Linker V7.70.1.11437/W32 for ARM                29/Sep/2022  12:19:49
# Copyright 2007-2016 IAR Systems AB.
#
#    Output file  =  
#        D:\1.Project_workspace\RFIDCU_SD\EWARMv6.2\Release\Exe\RFIDCU_Stm32f10x_App.out
#    Map file     =  
#        D:\1.Project_workspace\RFIDCU_SD\EWARMv6.2\Release\List\RFIDCU_Stm32f10x_App.map
#    Command line =  
#        D:\1.Project_workspace\RFIDCU_SD\EWARMv6.2\Release\Obj\AppLog.o
#        D:\1.Project_workspace\RFIDCU_SD\EWARMv6.2\Release\Obj\AppMain.o
#        D:\1.Project_workspace\RFIDCU_SD\EWARMv6.2\Release\Obj\CAN.o
#        D:\1.Project_workspace\RFIDCU_SD\EWARMv6.2\Release\Obj\ccsbcs.o
#        D:\1.Project_workspace\RFIDCU_SD\EWARMv6.2\Release\Obj\Common.o
#        D:\1.Project_workspace\RFIDCU_SD\EWARMv6.2\Release\Obj\core_cm3.o
#        D:\1.Project_workspace\RFIDCU_SD\EWARMv6.2\Release\Obj\CpuRtc.o
#        D:\1.Project_workspace\RFIDCU_SD\EWARMv6.2\Release\Obj\crc.o
#        D:\1.Project_workspace\RFIDCU_SD\EWARMv6.2\Release\Obj\diskio.o
#        D:\1.Project_workspace\RFIDCU_SD\EWARMv6.2\Release\Obj\eeprom.o
#        D:\1.Project_workspace\RFIDCU_SD\EWARMv6.2\Release\Obj\fatfs.o
#        D:\1.Project_workspace\RFIDCU_SD\EWARMv6.2\Release\Obj\ff.o
#        D:\1.Project_workspace\RFIDCU_SD\EWARMv6.2\Release\Obj\ff_gen_drv.o
#        D:\1.Project_workspace\RFIDCU_SD\EWARMv6.2\Release\Obj\FlashMem.o
#        D:\1.Project_workspace\RFIDCU_SD\EWARMv6.2\Release\Obj\Front.o
#        D:\1.Project_workspace\RFIDCU_SD\EWARMv6.2\Release\Obj\grf.o
#        D:\1.Project_workspace\RFIDCU_SD\EWARMv6.2\Release\Obj\main.o
#        D:\1.Project_workspace\RFIDCU_SD\EWARMv6.2\Release\Obj\MicroSD.o
#        D:\1.Project_workspace\RFIDCU_SD\EWARMv6.2\Release\Obj\misc.o
#        D:\1.Project_workspace\RFIDCU_SD\EWARMv6.2\Release\Obj\MyTag.o
#        D:\1.Project_workspace\RFIDCU_SD\EWARMv6.2\Release\Obj\MyTpu.o
#        D:\1.Project_workspace\RFIDCU_SD\EWARMv6.2\Release\Obj\rfcom.o
#        D:\1.Project_workspace\RFIDCU_SD\EWARMv6.2\Release\Obj\rfid.o
#        D:\1.Project_workspace\RFIDCU_SD\EWARMv6.2\Release\Obj\SD_Card.o
#        D:\1.Project_workspace\RFIDCU_SD\EWARMv6.2\Release\Obj\startup_stm32f10x_cl78.o
#        D:\1.Project_workspace\RFIDCU_SD\EWARMv6.2\Release\Obj\stm32f10x_bkp.o
#        D:\1.Project_workspace\RFIDCU_SD\EWARMv6.2\Release\Obj\stm32f10x_can.o
#        D:\1.Project_workspace\RFIDCU_SD\EWARMv6.2\Release\Obj\stm32f10x_dma.o
#        D:\1.Project_workspace\RFIDCU_SD\EWARMv6.2\Release\Obj\stm32f10x_flash.o
#        D:\1.Project_workspace\RFIDCU_SD\EWARMv6.2\Release\Obj\stm32f10x_gpio.o
#        D:\1.Project_workspace\RFIDCU_SD\EWARMv6.2\Release\Obj\stm32f10x_it.o
#        D:\1.Project_workspace\RFIDCU_SD\EWARMv6.2\Release\Obj\stm32f10x_pwr.o
#        D:\1.Project_workspace\RFIDCU_SD\EWARMv6.2\Release\Obj\stm32f10x_rcc.o
#        D:\1.Project_workspace\RFIDCU_SD\EWARMv6.2\Release\Obj\stm32f10x_rtc.o
#        D:\1.Project_workspace\RFIDCU_SD\EWARMv6.2\Release\Obj\stm32f10x_spi.o
#        D:\1.Project_workspace\RFIDCU_SD\EWARMv6.2\Release\Obj\stm32f10x_tim.o
#        D:\1.Project_workspace\RFIDCU_SD\EWARMv6.2\Release\Obj\stm32f10x_usart.o
#        D:\1.Project_workspace\RFIDCU_SD\EWARMv6.2\Release\Obj\syscall.o
#        D:\1.Project_workspace\RFIDCU_SD\EWARMv6.2\Release\Obj\system_stm32f10x.o
#        D:\1.Project_workspace\RFIDCU_SD\EWARMv6.2\Release\Obj\user_diskio.o
#        D:\1.Project_workspace\RFIDCU_SD\EWARMv6.2\Release\Obj\util.o
#        --redirect _Printf=_PrintfFull -o
#        D:\1.Project_workspace\RFIDCU_SD\EWARMv6.2\Release\Exe\RFIDCU_Stm32f10x_App.out
#        --map
#        D:\1.Project_workspace\RFIDCU_SD\EWARMv6.2\Release\List\RFIDCU_Stm32f10x_App.map
#        --config "C:\Program Files (x86)\IAR Systems\Embedded Workbench
#        7.5\arm\config\linker\ST\stm32f105xC.icf" --semihosting --entry
#        __iar_program_start --inline --vfe
#
###############################################################################

*******************************************************************************
*** RUNTIME MODEL ATTRIBUTES
***

CppFlavor                     = *
__Heap_Handler                = Basic
__SystemLibrary               = DLib
__dlib_dynamic_initialization = normal


*******************************************************************************
*** PLACEMENT SUMMARY
***

"A0":  place at 0x08000000 { ro section .intvec };
"P1":  place in [from 0x08000000 to 0x0803ffff] { ro };
"P2":  place in [from 0x20000000 to 0x2000ffff] { rw, block CSTACK, block HEAP };
initialize by copy { rw };

  Section             Kind        Address    Size  Object
  -------             ----        -------    ----  ------
"A0":                                       0x150
  .intvec             ro code  0x08000000   0x150  startup_stm32f10x_cl78.o [1]
                             - 0x08000150   0x150

"P1":                                      0xb00b
  .text               ro code  0x08000150  0x25b4  ff.o [1]
  .text               ro code  0x08002704    0x74  diskio.o [1]
  .text               ro code  0x08002778   0x464  ccsbcs.o [1]
  .text               ro code  0x08002bdc    0xee  I64DivMod.o [5]
  .text               ro code  0x08002cca     0xa  xsprout.o [3]
  .text               ro code  0x08002cd4     0x2  I64DivZer.o [5]
  .text               ro code  0x08002cd8  0x118a  xprintffull.o [3]
  .text               ro code  0x08003e62    0x20  xmbtowc.o [3]
  .text               ro code  0x08003e84    0x16  strchr.o [5]
  .text               ro code  0x08003e9c    0x36  strlen.o [5]
  .text               ro code  0x08003ed4    0x58  memchr.o [5]
  .text               ro code  0x08003f2c     0xa  xmbcurmax.o [3]
  .text               ro code  0x08003f38    0xb0  xxmemxmalloc.o [3]
  .text               ro code  0x08003fe8    0x1a  xwctomb.o [3]
  .text               ro code  0x08004004    0x76  ABImemcpy_unaligned.o [5]
  .text               ro code  0x0800407c    0x80  xxmemxfree.o [3]
  .text               ro code  0x080040fc    0x44  xdnorm.o [4]
  .text               ro code  0x08004140    0x2e  DblCmpLe.o [4]
  .text               ro code  0x08004170    0x2e  DblCmpGe.o [4]
  .text               ro code  0x080041a0   0x10c  xdscale.o [4]
  .text               ro code  0x080042ac    0x58  DblToI32.o [4]
  .text               ro code  0x08004304    0x30  I32ToDbl.o [4]
  .text               ro code  0x08004334   0x180  DblSub.o [4]
  .text               ro code  0x080044b4   0x1a2  DblMul.o [4]
  .text               ro code  0x08004658   0x256  DblDiv.o [4]
  .text               ro code  0x080048b0    0x6c  localeconv.o [3]
  .text               ro code  0x0800491c     0xe  div.o [3]
  .text               ro code  0x0800492c    0x14  setlocale.o [3]
  .text               ro code  0x08004940    0x60  xencoding_sb.o [3]
  .text               ro code  0x080049a0    0x2c  xgetmemchunk.o [3]
  .text               ro code  0x080049cc    0xd4  DblAdd.o [4]
  .text               ro code  0x08004aa0   0xed4  Front.o [1]
  .text               ro code  0x08005974   0x374  Common.o [1]
  .text               ro code  0x08005ce8   0x560  CAN.o [1]
  .text               ro code  0x08006248   0x4bc  util.o [1]
  .text               ro code  0x08006704   0x5dc  MyTpu.o [1]
  .text               ro code  0x08006ce0   0x46c  MyTag.o [1]
  .text               ro code  0x0800714c   0x510  CpuRtc.o [1]
  .text               ro code  0x0800765c   0x774  AppMain.o [1]
  .text               ro code  0x08007dd0     0xc  rfid.o [1]
  .text               ro code  0x08007ddc   0x12c  stm32f10x_gpio.o [1]
  .text               ro code  0x08007f08   0x13a  stm32f10x_usart.o [1]
  .text               ro code  0x08008044     0x6  ABImemclr.o [5]
  .text               ro code  0x0800804c     0x6  ABImemclr4.o [5]
  .text               ro code  0x08008054   0x368  stm32f10x_can.o [1]
  .text               ro code  0x080083bc    0x2c  vsprintf.o [3]
  .text               ro code  0x080083e8   0x498  AppLog.o [1]
  .text               ro code  0x08008880   0x670  grf.o [1]
  .text               ro code  0x08008ef0    0xa4  stm32f10x_rtc.o [1]
  .text               ro code  0x08008f94    0x68  stm32f10x_bkp.o [1]
  .text               ro code  0x08008ffc     0xc  stm32f10x_pwr.o [1]
  .text               ro code  0x08009008   0x174  stm32f10x_rcc.o [1]
  .text               ro code  0x0800917c   0x306  eeprom.o [1]
  .text               ro code  0x08009484     0x4  rfcom.o [1]
  .text               ro code  0x08009488   0x834  SD_Card.o [1]
  .text               ro code  0x08009cbc    0x5e  ABImemset.o [5]
  .text               ro code  0x08009d1c    0x32  ABImemset48.o [5]
  .text               ro code  0x08009d50   0x11c  FlashMem.o [1]
  .text               ro code  0x08009e6c    0x18  fatfs.o [1]
  .text               ro code  0x08009e84    0x34  sprintf.o [3]
  .text               ro code  0x08009eb8    0x5e  stm32f10x_spi.o [1]
  .text               ro code  0x08009f18    0x40  ff_gen_drv.o [1]
  .text               ro code  0x08009f58   0x924  main.o [1]
  .text               ro code  0x0800a87c    0x78  misc.o [1]
  .text               ro code  0x0800a8f4    0xf4  stm32f10x_tim.o [1]
  .text               ro code  0x0800a9e8   0x370  stm32f10x_it.o [1]
  .text               ro code  0x0800ad58    0xf8  system_stm32f10x.o [1]
  .rodata             const    0x0800ae50    0x7c  AppLog.o [1]
  .text               ro code  0x0800aecc    0x40  zero_init3.o [5]
  .text               ro code  0x0800af0c    0x38  packbits_init_single.o [5]
  .text               ro code  0x0800af44    0x28  data_init.o [5]
  .iar.init_table     const    0x0800af6c    0x20  - Linker created -
  .text               ro code  0x0800af8c    0x1a  cmain.o [5]
  .text               ro code  0x0800afa6     0x4  exit.o [3]
  .text               ro code  0x0800afac     0xa  cexit.o [5]
  .text               ro code  0x0800afb8    0x14  exit.o [6]
  .text               ro code  0x0800afcc    0x14  user_diskio.o [1]
  .text               ro code  0x0800afe0    0x10  startup_stm32f10x_cl78.o [1]
  .text               ro code  0x0800aff0     0xc  cstartup_M.o [5]
  .text               ro code  0x0800affc     0x4  startup_stm32f10x_cl78.o [1]
  .text               ro code  0x0800b000     0x4  startup_stm32f10x_cl78.o [1]
  .text               ro code  0x0800b004     0x4  startup_stm32f10x_cl78.o [1]
  .text               ro code  0x0800b008     0x4  startup_stm32f10x_cl78.o [1]
  .text               ro code  0x0800b00c     0x4  startup_stm32f10x_cl78.o [1]
  .text               ro code  0x0800b010     0x4  startup_stm32f10x_cl78.o [1]
  .text               ro code  0x0800b014     0x4  startup_stm32f10x_cl78.o [1]
  .text               ro code  0x0800b018     0x4  startup_stm32f10x_cl78.o [1]
  .text               ro code  0x0800b01c     0x4  startup_stm32f10x_cl78.o [1]
  .text               ro code  0x0800b020     0x4  startup_stm32f10x_cl78.o [1]
  .text               ro code  0x0800b024     0x4  startup_stm32f10x_cl78.o [1]
  .text               ro code  0x0800b028     0x4  startup_stm32f10x_cl78.o [1]
  .text               ro code  0x0800b02c     0x4  startup_stm32f10x_cl78.o [1]
  .text               ro code  0x0800b030     0x4  startup_stm32f10x_cl78.o [1]
  .text               ro code  0x0800b034     0x4  startup_stm32f10x_cl78.o [1]
  .text               ro code  0x0800b038     0x4  startup_stm32f10x_cl78.o [1]
  .text               ro code  0x0800b03c     0x4  startup_stm32f10x_cl78.o [1]
  .text               ro code  0x0800b040     0x4  startup_stm32f10x_cl78.o [1]
  .text               ro code  0x0800b044     0x4  startup_stm32f10x_cl78.o [1]
  .text               ro code  0x0800b048     0x4  startup_stm32f10x_cl78.o [1]
  .text               ro code  0x0800b04c     0x4  startup_stm32f10x_cl78.o [1]
  .text               ro code  0x0800b050     0x4  startup_stm32f10x_cl78.o [1]
  .text               ro code  0x0800b054     0x4  startup_stm32f10x_cl78.o [1]
  .text               ro code  0x0800b058     0x4  startup_stm32f10x_cl78.o [1]
  .text               ro code  0x0800b05c     0x4  startup_stm32f10x_cl78.o [1]
  .text               ro code  0x0800b060     0x4  startup_stm32f10x_cl78.o [1]
  .text               ro code  0x0800b064     0x4  startup_stm32f10x_cl78.o [1]
  .text               ro code  0x0800b068     0x4  startup_stm32f10x_cl78.o [1]
  .text               ro code  0x0800b06c     0x4  startup_stm32f10x_cl78.o [1]
  .text               ro code  0x0800b070     0x4  startup_stm32f10x_cl78.o [1]
  .text               ro code  0x0800b074     0x4  startup_stm32f10x_cl78.o [1]
  .text               ro code  0x0800b078     0x4  startup_stm32f10x_cl78.o [1]
  .text               ro code  0x0800b07c     0x4  startup_stm32f10x_cl78.o [1]
  .text               ro code  0x0800b080     0x4  startup_stm32f10x_cl78.o [1]
  .text               ro code  0x0800b084     0x4  startup_stm32f10x_cl78.o [1]
  .text               ro code  0x0800b088     0x4  startup_stm32f10x_cl78.o [1]
  .text               ro code  0x0800b08c     0x4  startup_stm32f10x_cl78.o [1]
  .text               ro code  0x0800b090     0x4  startup_stm32f10x_cl78.o [1]
  .text               ro code  0x0800b094     0x4  startup_stm32f10x_cl78.o [1]
  .text               ro code  0x0800b098     0x4  startup_stm32f10x_cl78.o [1]
  .text               ro code  0x0800b09c     0x4  startup_stm32f10x_cl78.o [1]
  .text               ro code  0x0800b0a0     0x4  startup_stm32f10x_cl78.o [1]
  .text               ro code  0x0800b0a4     0x4  startup_stm32f10x_cl78.o [1]
  .text               ro code  0x0800b0a8     0x4  startup_stm32f10x_cl78.o [1]
  .text               ro code  0x0800b0ac     0x4  startup_stm32f10x_cl78.o [1]
  .text               ro code  0x0800b0b0     0x4  startup_stm32f10x_cl78.o [1]
  .text               ro code  0x0800b0b4     0x4  startup_stm32f10x_cl78.o [1]
  .text               ro code  0x0800b0b8     0x4  startup_stm32f10x_cl78.o [1]
  .text               ro code  0x0800b0bc     0x4  startup_stm32f10x_cl78.o [1]
  .text               ro code  0x0800b0c0     0x4  startup_stm32f10x_cl78.o [1]
  .text               ro code  0x0800b0c4     0x4  startup_stm32f10x_cl78.o [1]
  .text               ro code  0x0800b0c8     0x4  startup_stm32f10x_cl78.o [1]
  .rodata             const    0x0800b0cc     0x0  zero_init3.o [5]
  .rodata             const    0x0800b0cc     0x0  packbits_init_single.o [5]
  Initializer bytes   const    0x0800b0cc    0x8f  <for P2-1>
                             - 0x0800b15b  0xb00b

"P2", part 1 of 3:                          0x616
  P2-1                         0x20000000   0x616  <Init block>
    .data             inited   0x20000000   0x4a0  SD_Card.o [1]
    .data             inited   0x200004a0     0x8  AppLog.o [1]
    .data             inited   0x200004a8     0x8  AppLog.o [1]
    .data             inited   0x200004b0    0x14  AppLog.o [1]
    .data             inited   0x200004c4    0x14  Common.o [1]
    .data             inited   0x200004d8    0x11  Front.o [1]
    .data             inited   0x200004ec    0x14  stm32f10x_rcc.o [1]
    .data             inited   0x20000500    0x14  user_diskio.o [1]
    __DLIB_PERTHREAD  inited   0x20000514    0x88  localeconv.o [3]
    __DLIB_PERTHREAD  inited   0x2000059c    0x74  setlocale.o [3]
    .data             inited   0x20000610     0x1  Common.o [1]
    .data             inited   0x20000611     0x5  SD_Card.o [1]
                             - 0x20000616   0x616

"P2", part 2 of 3:                         0x2000
  CSTACK                       0x20000618  0x1000  <Block>
    CSTACK            uninit   0x20000618  0x1000  <Block tail>
  HEAP                         0x20001618  0x1000  <Block>
    HEAP              uninit   0x20001618  0x1000  <Block tail>
                             - 0x20002618  0x2000

"P2", part 3 of 3:                         0x1e48
  .bss                zero     0x20002618   0xb3c  main.o [1]
  .bss                zero     0x20003154   0x610  CAN.o [1]
  .bss                zero     0x20003764   0x568  grf.o [1]
  .bss                zero     0x20003ccc   0x468  ff.o [1]
  .bss                zero     0x20004134   0x190  CAN.o [1]
  .bss                zero     0x200042c4    0x44  CAN.o [1]
  .bss                zero     0x20004308    0x44  rfid.o [1]
  .bss                zero     0x2000434c    0x44  rfid.o [1]
  .bss                zero     0x20004390    0x38  Front.o [1]
  .bss                zero     0x200043c8    0x24  MyTpu.o [1]
  .bss                zero     0x200043ec    0x15  Front.o [1]
  .bss                zero     0x20004401     0x2  CpuRtc.o [1]
  .bss                zero     0x20004403     0x1  AppLog.o [1]
  .bss                zero     0x20004404    0x10  rfid.o [1]
  .bss                zero     0x20004414     0xc  CpuRtc.o [1]
  .bss                zero     0x20004420     0xc  ff_gen_drv.o [1]
  .bss                zero     0x2000442c     0x8  AppLog.o [1]
  .bss                zero     0x20004434     0x8  fatfs.o [1]
  .bss                zero     0x2000443c     0x8  grf.o [1]
  .bss                zero     0x20004444     0x8  xxmemxmalloc.o [3]
  .bss                zero     0x2000444c     0x4  main.o [1]
  .bss                zero     0x20004450     0x4  main.o [1]
  .bss                zero     0x20004454     0x4  util.o [1]
  .bss                zero     0x20004458     0x4  xgetmemchunk.o [3]
  .bss                zero     0x2000445c     0x1  Common.o [1]
  .bss                zero     0x2000445d     0x1  main.o [1]
  .bss                zero     0x2000445e     0x1  main.o [1]
  .bss                zero     0x2000445f     0x1  rfid.o [1]
                             - 0x20004460  0x1e48


*******************************************************************************
*** INIT TABLE
***

          Address     Size
          -------     ----
Zero (__iar_zero_init3)
    1 destination range, total size 0x1e48:
          0x20002618  0x1e48

Copy/packbits (__iar_packbits_init_single3)
    1 source range, total size 0x8f (9% of destination):
          0x0800b0cc    0x8f
    1 destination range, total size 0x616:
          0x20000000   0x616



*******************************************************************************
*** MODULE SUMMARY
***

    Module                    ro code  ro data  rw data
    ------                    -------  -------  -------
D:\1.Project_workspace\RFIDCU_SD\EWARMv6.2\Release\Obj: [1]
    AppLog.o                    1 176      127       45
    AppMain.o                   1 908
    CAN.o                       1 376             2 020
    Common.o                      884        2       22
    CpuRtc.o                    1 296                14
    FlashMem.o                    284
    Front.o                     3 796        2       94
    MyTag.o                     1 132
    MyTpu.o                     1 500                36
    SD_Card.o                   2 100      109    1 189
    ccsbcs.o                    1 124
    diskio.o                      116
    eeprom.o                      774
    fatfs.o                        24                 8
    ff.o                        9 652             1 128
    ff_gen_drv.o                   64                12
    grf.o                       1 648             1 392
    main.o                      2 340             2 886
    misc.o                        120
    rfcom.o                         4
    rfid.o                         12               153
    startup_stm32f10x_cl78.o      560
    stm32f10x_bkp.o               104
    stm32f10x_can.o               872
    stm32f10x_gpio.o              300
    stm32f10x_it.o                880
    stm32f10x_pwr.o                12
    stm32f10x_rcc.o               372        2       20
    stm32f10x_rtc.o               164
    stm32f10x_spi.o                94
    stm32f10x_tim.o               244
    stm32f10x_usart.o             314
    system_stm32f10x.o            248
    user_diskio.o                  20        2       20
    util.o                      1 212                 4
    ---------------------------------------------------
    Total:                     36 726      244    9 043

command line: [2]
    ---------------------------------------------------
    Total:

dl7M_tlf.a: [3]
    div.o                          14
    exit.o                          4
    localeconv.o                  108       12      136
    setlocale.o                    20       11      116
    sprintf.o                      52
    vsprintf.o                     44
    xencoding_sb.o                 96
    xgetmemchunk.o                 44                 4
    xmbcurmax.o                    10
    xmbtowc.o                      32
    xprintffull.o               4 490
    xsprout.o                      10
    xwctomb.o                      26
    xxmemxfree.o                  128
    xxmemxmalloc.o                176                 8
    ---------------------------------------------------
    Total:                      5 254       23      264

m7M_tl.a: [4]
    DblAdd.o                      212
    DblCmpGe.o                     46
    DblCmpLe.o                     46
    DblDiv.o                      598
    DblMul.o                      418
    DblSub.o                      384
    DblToI32.o                     88
    I32ToDbl.o                     48
    xdnorm.o                       68
    xdscale.o                     268
    ---------------------------------------------------
    Total:                      2 176

rt7M_tl.a: [5]
    ABImemclr.o                     6
    ABImemclr4.o                    6
    ABImemcpy_unaligned.o         118
    ABImemset.o                    94
    ABImemset48.o                  50
    I64DivMod.o                   238
    I64DivZer.o                     2
    cexit.o                        10
    cmain.o                        26
    cstartup_M.o                   12
    data_init.o                    40
    memchr.o                       88
    packbits_init_single.o         56
    strchr.o                       22
    strlen.o                       54
    zero_init3.o                   64
    ---------------------------------------------------
    Total:                        886

shb_l.a: [6]
    exit.o                         20
    ---------------------------------------------------
    Total:                         20

    Gaps                           42                 3
    Linker created                          32    8 192
-------------------------------------------------------
    Grand Total:               45 104      299   17 502


*******************************************************************************
*** ENTRY LIST
***

Entry                      Address   Size  Type      Object
-----                      -------   ----  ----      ------
.iar.init_table$$Base   0x0800af6c          --   Gb  - Linker created -
.iar.init_table$$Limit  0x0800af8c          --   Gb  - Linker created -
?main                   0x0800af8d         Code  Gb  cmain.o [5]
ADCPrescTable           0x200004fc    0x4  Data  Lc  stm32f10x_rcc.o [1]
APBAHBPrescTable        0x200004ec   0x10  Data  Lc  stm32f10x_rcc.o [1]
AppMain                 0x08007a7f   0xc2  Code  Gb  AppMain.o [1]
BKP_DeInit              0x08008f95   0x12  Code  Gb  stm32f10x_bkp.o [1]
BKP_RTCOutputConfig     0x08008fad    0xa  Code  Gb  stm32f10x_bkp.o [1]
BKP_ReadBackupRegister  0x08008fd7   0x18  Code  Gb  stm32f10x_bkp.o [1]
BKP_TamperPinCmd        0x08008fa7    0x6  Code  Gb  stm32f10x_bkp.o [1]
BKP_WriteBackupRegister
                        0x08008fbf   0x18  Code  Gb  stm32f10x_bkp.o [1]
BootCount               0x20002668    0x4  Data  Gb  main.o [1]
BusFault_Handler        0x0800a9ef    0x2  Code  Gb  stm32f10x_it.o [1]
C2D                     0x0800641d   0x26  Code  Gb  util.o [1]
CAN1_RX0_IRQHandler     0x0800ac87   0x46  Code  Gb  stm32f10x_it.o [1]
CAN2_RX0_IRQHandler     0x0800accd   0x50  Code  Gb  stm32f10x_it.o [1]
CANBusFreeCnt           0x200042fc    0x8  Data  Lc  CAN.o [1]
CAN_AddTxMessage        0x08005f2f   0x94  Code  Gb  CAN.o [1]
CAN_CancelTransmit      0x080082d5   0x24  Code  Gb  stm32f10x_can.o [1]
CAN_DeInit              0x08008055   0x34  Code  Gb  stm32f10x_can.o [1]
CAN_FilterInit          0x08008165   0x9c  Code  Gb  stm32f10x_can.o [1]
CAN_GetFlagStatus       0x08008381   0x30  Code  Gb  stm32f10x_can.o [1]
CAN_ITConfig            0x08008371   0x10  Code  Gb  stm32f10x_can.o [1]
CAN_Init                0x08008089   0xdc  Code  Gb  stm32f10x_can.o [1]
CAN_InitVal             0x08005ce9   0x64  Code  Gb  CAN.o [1]
CAN_IsBusOff            0x08005d4d    0xa  Code  Gb  CAN.o [1]
CAN_ParseRxPacket       0x08005def  0x12c  Code  Lc  CAN.o [1]
CAN_Process             0x080061a3   0x40  Code  Gb  CAN.o [1]
CAN_RFIDCU_TestResult   0x080060a1   0x2e  Code  Gb  CAN.o [1]
CAN_Receive             0x080082f9   0x78  Code  Gb  stm32f10x_can.o [1]
CAN_Send_RFIDCU_Status  0x0800604d   0x3c  Code  Gb  CAN.o [1]
CAN_StructInit          0x0800820f   0x20  Code  Gb  stm32f10x_can.o [1]
CAN_Transmit            0x0800822f   0xa6  Code  Gb  stm32f10x_can.o [1]
CAN_TxManager           0x08005d57   0x98  Code  Lc  CAN.o [1]
CAN_TxProcess           0x080060cf   0xd4  Code  Gb  CAN.o [1]
CAN_dlk                 0x200042c4   0x14  Data  Gb  CAN.o [1]
CAN_rx                  0x20003154  0x610  Data  Gb  CAN.o [1]
CAN_tx                  0x20004134  0x190  Data  Gb  CAN.o [1]
CHK_TOV                 0x08005a1d   0x16  Code  Gb  Common.o [1]
COM_PORT                0x200004c4   0x14  Data  Gb  Common.o [1]
COMx_CheckSendData      0x08006285   0x52  Code  Gb  util.o [1]
COMx_Write              0x080062fd   0x36  Code  Gb  util.o [1]
CSTACK$$Base            0x20000618          --   Gb  - Linker created -
CSTACK$$Limit           0x20001618          --   Gb  - Linker created -
CardType                0x20000614    0x1  Data  Lc  SD_Card.o [1]
Clear_WatchDog          0x08005975   0x1e  Code  Gb  Common.o [1]
Clear_WatchDog::bStrobe
                        0x20000610    0x1  Data  Lc  Common.o [1]
ComCAN                  0x200042dc   0x20  Data  Lc  CAN.o [1]
Console_CheckSendData   0x08006249   0x3c  Code  Gb  util.o [1]
Console_WriteTxBuffers  0x080062d7   0x26  Code  Lc  util.o [1]
D2C                     0x08006407   0x16  Code  Gb  util.o [1]
DIPSW_Read              0x08007871   0x70  Code  Gb  AppMain.o [1]
Date_Adjust             0x080072a9   0x1e  Code  Gb  CpuRtc.o [1]
DebugMon_Handler        0x0800a9f5    0x2  Code  Gb  stm32f10x_it.o [1]
DefaultSetting          0x08007969   0x62  Code  Gb  AppMain.o [1]
Delay_ms                0x080059e1   0x1a  Code  Gb  Common.o [1]
DipSwitch               0x20003128   0x24  Data  Gb  main.o [1]
DirBuf                  0x20003cd4  0x260  Data  Lc  ff.o [1]
Disable_InOutDevCsPin   0x08005a93   0x1c  Code  Gb  Common.o [1]
E2P_SaveApPowrMode      0x0800795d    0xc  Code  Gb  AppMain.o [1]
E2P_SaveRfidAttn        0x0800791d   0x1c  Code  Gb  AppMain.o [1]
E2P_SaveRfidBeep        0x08007945    0xc  Code  Gb  AppMain.o [1]
E2P_SaveTagBypassMode   0x08007939    0xc  Code  Gb  AppMain.o [1]
E2P_Test                0x080078e1   0x3c  Code  Gb  AppMain.o [1]
EchoUart                0x08006333   0x7e  Code  Gb  util.o [1]
ExCvt                   0x0800155c   0x80  Data  Lc  ff.o [1]
FATFS_LinkDriver        0x08009f51    0x4  Code  Gb  ff_gen_drv.o [1]
FATFS_LinkDriverEx      0x08009f19   0x38  Code  Gb  ff_gen_drv.o [1]
FND_ChangeDigit         0x08004db1  0x12a  Code  Gb  Front.o [1]
FND_ChangeDigit::NextFndState
                        0x200004e8    0x1  Data  Lc  Front.o [1]
FND_ChangeDigit::bDigitTen
                        0x200004e7    0x1  Data  Lc  Front.o [1]
FND_DisplayClockMenu    0x08005175   0xb4  Code  Gb  Front.o [1]
FND_DisplayInvalid      0x08005345    0x6  Code  Gb  Front.o [1]
FND_DisplayMenu         0x08005229   0xf4  Code  Gb  Front.o [1]
FND_DisplaySet          0x0800533d    0x8  Code  Gb  Front.o [1]
FND_DisplayTag          0x08004fd5  0x174  Code  Gb  Front.o [1]
FND_FWVer               0x08004f85   0x4e  Code  Gb  Front.o [1]
FND_Init                0x08004d91   0x18  Code  Gb  Front.o [1]
FND_MenuNone            0x0800532d   0x10  Code  Gb  Front.o [1]
FND_Output4Char         0x08004ee3   0xa2  Code  Gb  Front.o [1]
FND_ReadyOutput         0x0800531d   0x10  Code  Gb  Front.o [1]
FatFs                   0x20003cd0    0x4  Data  Lc  ff.o [1]
FirstBootTimer          0x20003150    0x4  Data  Gb  main.o [1]
FlashLogStu             0x2000442c    0x8  Data  Gb  AppLog.o [1]
FndBuf4                 0x200004dc    0x4  Data  Lc  Front.o [1]
FndStr4                 0x200004d8    0x4  Data  Gb  Front.o [1]
FrontBtn                0x2000444c    0x4  Data  Gb  main.o [1]
FrontBtnOld             0x20004450    0x4  Data  Gb  main.o [1]
FrontKey                0x200043ec   0x14  Data  Lc  Front.o [1]
Fsid                    0x20003ccc    0x2  Data  Lc  ff.o [1]
GPIO_Configuration      0x0800a02b  0x196  Code  Lc  main.o [1]
GPIO_Init               0x08007ddd   0xb6  Code  Gb  stm32f10x_gpio.o [1]
GPIO_PinRemapConfig     0x08007eb3   0x50  Code  Gb  stm32f10x_gpio.o [1]
GPIO_ReadInputDataBit   0x08007e93    0xe  Code  Gb  stm32f10x_gpio.o [1]
GPIO_ResetBits          0x08007ea5    0x4  Code  Gb  stm32f10x_gpio.o [1]
GPIO_SetBits            0x08007ea1    0x4  Code  Gb  stm32f10x_gpio.o [1]
GPIO_WriteBit           0x08007ea9    0xa  Code  Gb  stm32f10x_gpio.o [1]
GRFTypeCode             0x20002634    0x1  Data  Gb  main.o [1]
GRF_InitVal             0x08008881   0x34  Code  Gb  grf.o [1]
GRF_IsTagRspCmd         0x080088b5   0x26  Code  Lc  grf.o [1]
GRF_Process             0x08008df1   0xc2  Code  Gb  grf.o [1]
GRF_RspAckCmd           0x08008b37   0x48  Code  Gb  grf.o [1]
GRF_RspTagData          0x08008bb7   0xd4  Code  Gb  grf.o [1]
GRF_Rx                  0x20003ab4  0x218  Data  Lc  grf.o [1]
GRF_Tx                  0x20003764  0x350  Data  Lc  grf.o [1]
GRF_TxManager           0x08008aad   0x8a  Code  Lc  grf.o [1]
GRF_dlk                 0x2000443c    0x8  Data  Lc  grf.o [1]
GRF_tagPrint            0x080088db  0x1c4  Code  Gb  grf.o [1]
GetTickCount            0x080059b9    0xa  Code  Gb  Common.o [1]
HEAP$$Base              0x20001618          --   Gb  - Linker created -
HEAP$$Limit             0x20002618          --   Gb  - Linker created -
HardFault_Handler       0x0800a9eb    0x2  Code  Gb  stm32f10x_it.o [1]
IDSW_Read               0x080077f5   0x6c  Code  Gb  AppMain.o [1]
IS_OP                   0x0800765d   0x26  Code  Gb  AppMain.o [1]
IS_TIMEOUT              0x080059fb   0x22  Code  Gb  Common.o [1]
IdSwitchOld             0x20002632    0x1  Data  Gb  main.o [1]
InitializeVal           0x0800a231   0xae  Code  Lc  main.o [1]
IsBCD                   0x080063f3   0x14  Code  Gb  util.o [1]
IsChanged_LogicInput    0x08005baf   0xb6  Code  Gb  Common.o [1]
IsNumberString          0x080063b1   0x42  Code  Gb  util.o [1]
IsUseCANInterlock       0x080077db    0xc  Code  Gb  AppMain.o [1]
IsUseComMonitoring      0x080077e7    0xe  Code  Gb  AppMain.o [1]
IsUseEnterSensor        0x080077bf    0xc  Code  Gb  AppMain.o [1]
IsUseStopSensor         0x080077cb    0xa  Code  Gb  AppMain.o [1]
KEY_BootRead            0x080053b1   0x4c  Code  Gb  Front.o [1]
KEY_Process             0x080053fd   0xae  Code  Gb  Front.o [1]
KEY_Read                0x08005363   0x4e  Code  Gb  Front.o [1]
LED_CheckCAN            0x08004c85   0xbe  Code  Gb  Front.o [1]
LED_CheckCOM            0x08004b8f   0x80  Code  Gb  Front.o [1]
LED_CheckTagRx          0x08004b6d   0x22  Code  Gb  Front.o [1]
LED_Init                0x08004aa1   0x5a  Code  Gb  Front.o [1]
LED_SetRxCAN            0x08004c15   0x38  Code  Gb  Front.o [1]
LED_SetRxCOM            0x08004afb   0x38  Code  Gb  Front.o [1]
LED_SetTxCAN            0x08004c4d   0x38  Code  Gb  Front.o [1]
LED_SetTxCOM            0x08004b33   0x3a  Code  Gb  Front.o [1]
LED_Update              0x08004d43   0x1c  Code  Gb  Front.o [1]
LOG_GetRecPos           0x080087cf   0x46  Code  Gb  AppLog.o [1]
LOG_InitVal             0x080087c7    0x8  Code  Gb  AppLog.o [1]
LOG_Process             0x08008815   0x30  Code  Gb  AppLog.o [1]
LOG_printEvent          0x080083e9   0xb6  Code  Gb  AppLog.o [1]
LOG_printTAGConfirm     0x0800849f   0xe6  Code  Gb  AppLog.o [1]
LOG_printTPUPos         0x080085bb   0xfa  Code  Gb  AppLog.o [1]
LedCAN                  0x200043b8   0x10  Data  Lc  Front.o [1]
LedCOM                  0x20004390   0x28  Data  Lc  Front.o [1]
LfnBuf                  0x20003f34  0x200  Data  Lc  ff.o [1]
LfnOfs                  0x08001364   0x10  Data  Lc  ff.o [1]
LoadInt                 0x0800333f   0x6e  Code  Lc  xprintffull.o [3]
LoadSetting             0x080079cb   0xb4  Code  Gb  AppMain.o [1]
LogDeviceSel            0x20004403    0x1  Data  Gb  AppLog.o [1]
LogicInput              0x200030bc   0x6c  Data  Gb  main.o [1]
MEE_ByteRead            0x08009383   0x4a  Code  Gb  eeprom.o [1]
MEE_ByteWrite           0x08009351   0x32  Code  Gb  eeprom.o [1]
MEE_CheckACK            0x0800921b   0x50  Code  Gb  eeprom.o [1]
MEE_Delay               0x0800917d   0x28  Code  Gb  eeprom.o [1]
MEE_GenerateSTART       0x080091e9   0x14  Code  Gb  eeprom.o [1]
MEE_GenerateSTOP        0x080091fd   0x1e  Code  Gb  eeprom.o [1]
MEE_NoACK               0x0800926f   0x16  Code  Gb  eeprom.o [1]
MEE_PageRead            0x08009429   0x5a  Code  Gb  eeprom.o [1]
MEE_PageWrite           0x080093e1   0x3c  Code  Gb  eeprom.o [1]
MEE_ReadData            0x080092e1   0x26  Code  Gb  eeprom.o [1]
MEE_ReadDataAck         0x0800931d   0x26  Code  Gb  eeprom.o [1]
MEE_SendData            0x0800929d   0x32  Code  Gb  eeprom.o [1]
MENU_Process            0x08005631  0x1ba  Code  Gb  Front.o [1]
MENU_ValueClock         0x080054b5  0x172  Code  Gb  Front.o [1]
MRTC_CalculateTime      0x080072c7   0x64  Code  Gb  CpuRtc.o [1]
MRTC_CheckDayElapsed    0x0800748f   0x3c  Code  Gb  CpuRtc.o [1]
MRTC_CheckLeapYear      0x0800714d   0x3c  Code  Gb  CpuRtc.o [1]
MRTC_Configuration      0x080074cb   0x52  Code  Gb  CpuRtc.o [1]
MRTC_DisplayDataAndTime
                        0x0800732b   0xa0  Code  Gb  CpuRtc.o [1]
MRTC_GetDay             0x080071cb    0x8  Code  Gb  CpuRtc.o [1]
MRTC_GetHour            0x080071d3   0x10  Code  Gb  CpuRtc.o [1]
MRTC_GetMaxDay          0x08007189   0x32  Code  Gb  CpuRtc.o [1]
MRTC_GetMin             0x080071e3    0xe  Code  Gb  CpuRtc.o [1]
MRTC_GetMonth           0x080071c3    0x8  Code  Gb  CpuRtc.o [1]
MRTC_GetSec             0x080071fb   0x10  Code  Gb  CpuRtc.o [1]
MRTC_GetYear            0x080071bb    0x8  Code  Gb  CpuRtc.o [1]
MRTC_IncrementDate      0x080073f9   0x90  Code  Gb  CpuRtc.o [1]
MRTC_Init               0x08007539   0x7c  Code  Gb  CpuRtc.o [1]
MRTC_InitClockVal       0x080073cb   0x16  Code  Gb  CpuRtc.o [1]
MRTC_InitVal            0x0800751d    0xa  Code  Gb  CpuRtc.o [1]
MRTC_SetMenuDate        0x0800720b   0x4e  Code  Gb  CpuRtc.o [1]
MRTC_SetMenuTime        0x08007259   0x22  Code  Gb  CpuRtc.o [1]
MX_FATFS_Init           0x08009e6d   0x10  Code  Gb  fatfs.o [1]
MemManage_Handler       0x0800a9ed    0x2  Code  Gb  stm32f10x_it.o [1]
MenuMode                0x200004e0    0x1  Data  Gb  Front.o [1]
Mk_BeginReadTag         0x08007dd1    0x2  Code  Gb  rfid.o [1]
MyDeviceID              0x20002631    0x1  Data  Gb  main.o [1]
MyPCBNumber             0x20002630    0x1  Data  Gb  main.o [1]
NMI_Handler             0x0800a9e9    0x2  Code  Gb  stm32f10x_it.o [1]
NVIC_Configuration      0x08009f59   0x74  Code  Lc  main.o [1]
NVIC_Init               0x0800a887   0x58  Code  Gb  misc.o [1]
NVIC_PriorityGroupConfig
                        0x0800a87d    0xa  Code  Gb  misc.o [1]
Off_Digit2              0x08004d7f    0xc  Code  Lc  Front.o [1]
On_Digit                0x08004d69   0x16  Code  Lc  Front.o [1]
OperationMode           0x20002633    0x1  Data  Gb  main.o [1]
PRINT_DIPSW_CONFIG      0x08007683   0x5e  Code  Gb  AppMain.o [1]
PRINT_FILTER_MODE       0x080076e1   0x32  Code  Gb  AppMain.o [1]
PRINT_GRF_TYPE          0x08007713   0x2c  Code  Gb  AppMain.o [1]
PWR_BackupAccessCmd     0x08008ffd    0x6  Code  Gb  stm32f10x_pwr.o [1]
ParseRxFrameFrom_GRF    0x08008cc5  0x12c  Code  Lc  grf.o [1]
PendSV_Handler          0x0800a9f7    0x2  Code  Gb  stm32f10x_it.o [1]
PowerFlag               0x20000615    0x1  Data  Lc  SD_Card.o [1]
PreInitializeOutPorts   0x08009ff9   0x32  Code  Lc  main.o [1]
RCC_APB1PeriphClockCmd  0x080090f1   0x12  Code  Gb  stm32f10x_rcc.o [1]
RCC_APB1PeriphResetCmd  0x08009103   0x12  Code  Gb  stm32f10x_rcc.o [1]
RCC_APB2PeriphClockCmd  0x080090df   0x12  Code  Gb  stm32f10x_rcc.o [1]
RCC_BackupResetCmd      0x08009115    0x6  Code  Gb  stm32f10x_rcc.o [1]
RCC_ClearFlag           0x0800913b    0xc  Code  Gb  stm32f10x_rcc.o [1]
RCC_GetClocksFreq       0x08009037   0xa8  Code  Gb  stm32f10x_rcc.o [1]
RCC_GetFlagStatus       0x0800911b   0x20  Code  Gb  stm32f10x_rcc.o [1]
RCC_LSEConfig           0x08009015   0x16  Code  Gb  stm32f10x_rcc.o [1]
RCC_RTCCLKCmd           0x08009031    0x6  Code  Gb  stm32f10x_rcc.o [1]
RCC_RTCCLKConfig        0x0800902b    0x6  Code  Gb  stm32f10x_rcc.o [1]
RESET_TIMER             0x080059c3    0xa  Code  Gb  Common.o [1]
RFID_IsAlive            0x08007dd7    0x2  Code  Gb  rfid.o [1]
RFID_IsAttnValueOkay    0x08007dd5    0x2  Code  Gb  rfid.o [1]
RFID_IsRun              0x08007dd9    0x2  Code  Gb  rfid.o [1]
RFID_SET_POWER          0x08007dd3    0x2  Code  Gb  rfid.o [1]
RFID_Serial_Data_Clear  0x080096bb   0x1c  Code  Lc  SD_Card.o [1]
RFID_SetAttn            0x08007ddb    0x2  Code  Gb  rfid.o [1]
RFU_Process             0x08009485    0x4  Code  Gb  rfcom.o [1]
RTC_100msCnt            0x20004402    0x1  Data  Gb  CpuRtc.o [1]
RTC_ClearITPendingBit   0x08008f77    0x2  Code  Gb  stm32f10x_rtc.o [1]
RTC_GetCounter          0x08008f03    0xc  Code  Gb  stm32f10x_rtc.o [1]
RTC_GetITStatus         0x08008f5f   0x18  Code  Gb  stm32f10x_rtc.o [1]
RTC_IRQHandler          0x0800aa27   0x40  Code  Gb  stm32f10x_it.o [1]
RTC_ITConfig            0x08008ef1   0x12  Code  Gb  stm32f10x_rtc.o [1]
RTC_SetCounter          0x08008f0f   0x12  Code  Gb  stm32f10x_rtc.o [1]
RTC_SetPrescaler        0x08008f21   0x14  Code  Gb  stm32f10x_rtc.o [1]
RTC_UpdateFlag          0x20004401    0x1  Data  Gb  CpuRtc.o [1]
RTC_WaitForLastTask     0x08008f41    0xa  Code  Gb  stm32f10x_rtc.o [1]
RTC_WaitForSynchro      0x08008f4b   0x14  Code  Gb  stm32f10x_rtc.o [1]
Read_Data               0x08005b35   0x34  Code  Gb  Common.o [1]
Region$$Table$$Base     0x0800af6c          --   Gb  - Linker created -
Region$$Table$$Limit    0x0800af8c          --   Gb  - Linker created -
ResetEnterSensor        0x0800773f   0x42  Code  Gb  AppMain.o [1]
ResetStopSensor         0x08007781   0x3e  Code  Gb  AppMain.o [1]
SDTimer_Handler         0x080096d7   0x1a  Code  Gb  SD_Card.o [1]
SD_Card_ChipSelect      0x080096f1   0x18  Code  Lc  SD_Card.o [1]
SD_Card_Data_Write      0x080094b5   0x98  Code  Gb  SD_Card.o [1]
SD_Card_Data_Write::seconds_old
                        0x20000005    0x1  Data  Lc  SD_Card.o [1]
SD_Card_Data_Write_Time
                        0x0800954d  0x150  Code  Lc  SD_Card.o [1]
SD_Card_Data_Write_Time::SD_Card_Detect_Old
                        0x20000006    0x1  Data  Lc  SD_Card.o [1]
SD_Card_Data_Write_Time::hours_old
                        0x20000008    0x2  Data  Lc  SD_Card.o [1]
SD_Card_Detect          0x20000000    0x1  Data  Gb  SD_Card.o [1]
SD_Card_FirstCall       0x20000003    0x1  Data  Gb  SD_Card.o [1]
SD_Card_Init            0x08009489   0x2c  Code  Gb  SD_Card.o [1]
SD_Card_ReStartFlag     0x20000004    0x1  Data  Gb  SD_Card.o [1]
SD_Card_Status          0x20000002    0x1  Data  Gb  SD_Card.o [1]
SD_Card_Writeflag       0x20000001    0x1  Data  Gb  SD_Card.o [1]
SD_PowerOn              0x08009749   0x72  Code  Lc  SD_Card.o [1]
SD_ReadyWait            0x0800972b   0x1e  Code  Lc  SD_Card.o [1]
SD_RxDataBlock          0x080097c1   0x44  Code  Lc  SD_Card.o [1]
SD_SendCmd              0x0800986b   0x60  Code  Lc  SD_Card.o [1]
SD_TxDataBlock          0x08009809   0x62  Code  Lc  SD_Card.o [1]
SD_disk_initialize      0x080098cb  0x112  Code  Gb  SD_Card.o [1]
SD_disk_ioctl           0x08009b2d  0x140  Code  Gb  SD_Card.o [1]
SD_disk_read            0x080099f7   0x7c  Code  Gb  SD_Card.o [1]
SD_disk_status          0x080099eb    0xc  Code  Gb  SD_Card.o [1]
SD_disk_write           0x08009a7b   0xac  Code  Gb  SD_Card.o [1]
SET_I2C_PORT            0x080091a5   0x12  Code  Gb  eeprom.o [1]
SET_OUT_EN              0x08005a7f   0x14  Code  Gb  Common.o [1]
SET_SDA_DIR             0x080091b7   0x24  Code  Lc  eeprom.o [1]
SET_UART_TX_IT_CONFIG   0x08005a33   0x14  Code  Gb  Common.o [1]
SPI_Cmd                 0x08009ef1   0x14  Code  Gb  stm32f10x_spi.o [1]
SPI_FLASH_BufferRead    0x08009ddd   0x44  Code  Gb  FlashMem.o [1]
SPI_FLASH_Init          0x08009d51   0x8c  Code  Gb  FlashMem.o [1]
SPI_FLASH_SendByte      0x08009e27   0x30  Code  Gb  FlashMem.o [1]
SPI_I2S_GetFlagStatus   0x08009f09    0xe  Code  Gb  stm32f10x_spi.o [1]
SPI_I2S_SendData        0x08009f05    0x4  Code  Gb  stm32f10x_spi.o [1]
SPI_Init                0x08009eb9   0x38  Code  Gb  stm32f10x_spi.o [1]
SPI_RxByte              0x08009713   0x18  Code  Lc  SD_Card.o [1]
SPI_TxByte              0x08009709    0xa  Code  Lc  SD_Card.o [1]
SVC_Handler             0x0800a9f3    0x2  Code  Gb  stm32f10x_it.o [1]
Stat                    0x20000613    0x1  Data  Lc  SD_Card.o [1]
SysTick_Handler         0x0800a9f9    0x2  Code  Gb  stm32f10x_it.o [1]
SystemInit              0x0800ad59   0xe2  Code  Gb  system_stm32f10x.o [1]
TAG_AutoResend          0x08006f87   0x62  Code  Gb  MyTag.o [1]
TAG_CheckNotMyTag       0x08006e93   0x44  Code  Gb  MyTag.o [1]
TAG_ConvToSTWJtagData   0x08006d59  0x118  Code  Gb  MyTag.o [1]
TAG_FixBcdError         0x08006d25   0x34  Code  Gb  MyTag.o [1]
TAG_IsBcdError          0x08006d09   0x1c  Code  Gb  MyTag.o [1]
TAG_IsBypassMode        0x08006ce1   0x16  Code  Gb  MyTag.o [1]
TAG_IsDispOn            0x080070b9   0x70  Code  Gb  MyTag.o [1]
TAG_IsSTandWJ           0x08006cf7   0x12  Code  Lc  MyTag.o [1]
TAG_IsTrainNoneTagRxed  0x08006f51   0x2e  Code  Gb  MyTag.o [1]
TAG_SetTagOnTime        0x08006e71   0x22  Code  Gb  MyTag.o [1]
TAG_SetTrainNoneMark    0x08006ed7   0x26  Code  Gb  MyTag.o [1]
TAG_TrainOnResend       0x08006fe9   0xba  Code  Gb  MyTag.o [1]
TAG_UpdatePreEnterMyTag
                        0x08006efd   0x54  Code  Gb  MyTag.o [1]
TIM2_IRQHandler         0x0800a9fb   0x2c  Code  Gb  stm32f10x_it.o [1]
TIM_ClearFlag           0x0800a9a1    0x2  Code  Gb  stm32f10x_tim.o [1]
TIM_ClearITPendingBit   0x0800a9b7    0x2  Code  Gb  stm32f10x_tim.o [1]
TIM_Cmd                 0x0800a97d   0x14  Code  Gb  stm32f10x_tim.o [1]
TIM_GetITStatus         0x0800a9a3   0x14  Code  Gb  stm32f10x_tim.o [1]
TIM_ITConfig            0x0800a991   0x10  Code  Gb  stm32f10x_tim.o [1]
TIM_TimeBaseInit        0x0800a8f5   0x88  Code  Gb  stm32f10x_tim.o [1]
TPU_GET_POS             0x080068a5    0x6  Code  Gb  MyTpu.o [1]
TPU_GetEnterSensor      0x0800683f   0x34  Code  Gb  MyTpu.o [1]
TPU_GetStopSensor       0x08006873   0x32  Code  Gb  MyTpu.o [1]
TPU_InitVal             0x08006705   0x20  Code  Gb  MyTpu.o [1]
TPU_Process             0x08006b61   0x26  Code  Gb  MyTpu.o [1]
TPU_ReadSensor          0x08006725  0x10e  Code  Lc  MyTpu.o [1]
TPU_SAVE_POS            0x080068ab   0x40  Code  Gb  MyTpu.o [1]
TPU_Stu                 0x200043c8    0xc  Data  Lc  MyTpu.o [1]
TPU_UpdateTrainPosition
                        0x080068ed  0x25e  Code  Lc  MyTpu.o [1]
TPU_UpdateTrainPosition::bChkNextState
                        0x200043d5    0x1  Data  Lc  MyTpu.o [1]
TagConf                 0x20004404   0x10  Data  Gb  rfid.o [1]
TagMode                 0x2000445d    0x1  Data  Gb  main.o [1]
Tbl                     0x0800282c  0x100  Data  Lc  ccsbcs.o [1]
Time_Adjust             0x0800727b   0x2e  Code  Gb  CpuRtc.o [1]
Timer                   0x20002664    0x4  Data  Gb  main.o [1]
Timer1                  0x20000611    0x1  Data  Gb  SD_Card.o [1]
Timer2                  0x20000612    0x1  Data  Gb  SD_Card.o [1]
TimerCount              0x20002638   0x2c  Data  Gb  main.o [1]
Toggle_RunLED           0x08005993   0x26  Code  Gb  Common.o [1]
Toggle_RunLED::bRunLED  0x2000445c    0x1  Data  Lc  Common.o [1]
UART4_IRQHandler        0x0800abbd   0x60  Code  Gb  stm32f10x_it.o [1]
UART5_IRQHandler        0x0800ac27   0x60  Code  Gb  stm32f10x_it.o [1]
UART_TxBytes            0x08005a4d   0x32  Code  Gb  Common.o [1]
USART1_IRQHandler       0x0800aa67   0x5c  Code  Gb  stm32f10x_it.o [1]
USART2_IRQHandler       0x0800aac3   0x60  Code  Gb  stm32f10x_it.o [1]
USART3_IRQHandler       0x0800ab31   0x60  Code  Gb  stm32f10x_it.o [1]
USART_Cmd               0x08007fa5   0x14  Code  Gb  stm32f10x_usart.o [1]
USART_GetFlagStatus     0x08007ff9    0xe  Code  Gb  stm32f10x_usart.o [1]
USART_GetITStatus       0x08008007   0x3c  Code  Gb  stm32f10x_usart.o [1]
USART_ITConfig          0x08007fb9   0x30  Code  Gb  stm32f10x_usart.o [1]
USART_Init              0x08007f09   0x96  Code  Gb  stm32f10x_usart.o [1]
USART_ReceiveData       0x08007ff1    0x8  Code  Gb  stm32f10x_usart.o [1]
USART_SendData          0x08007fe9    0x8  Code  Gb  stm32f10x_usart.o [1]
USERPath                0x20004438    0x4  Data  Gb  fatfs.o [1]
USER_Driver             0x20000500   0x14  Data  Gb  user_diskio.o [1]
USER_initialize         0x0800afcd    0x4  Code  Gb  user_diskio.o [1]
USER_ioctl              0x0800afdd    0x4  Code  Gb  user_diskio.o [1]
USER_read               0x0800afd5    0x4  Code  Gb  user_diskio.o [1]
USER_status             0x0800afd1    0x4  Code  Gb  user_diskio.o [1]
USER_write              0x0800afd9    0x4  Code  Gb  user_diskio.o [1]
UsageFault_Handler      0x0800a9f1    0x2  Code  Gb  stm32f10x_it.o [1]
WRITE_XOUT              0x08005c71   0x48  Code  Gb  Common.o [1]
Write_Data              0x08005b69   0x46  Code  Gb  Common.o [1]
Xout                    0x20002628    0x4  Data  Gb  main.o [1]
XoutOld                 0x2000262c    0x4  Data  Gb  main.o [1]
_EncodingSb_Mbtowc      0x0800495b   0x30  Code  Gb  xencoding_sb.o [3]
_EncodingSb_Mbtowc::initial
                        0x08004998    0x8  Data  Lc  xencoding_sb.o [3]
_EncodingSb_Wctomb      0x08004941   0x1a  Code  Gb  xencoding_sb.o [3]
_EncodingSb_Wctomb::initial
                        0x08004990    0x8  Data  Lc  xencoding_sb.o [3]
_GenldFull              0x08003bc5  0x254  Code  Lc  xprintffull.o [3]
_IsdstStr               0x200005a0    0x4  Data  Gb  setlocale.o [3]
_LdtobFull              0x080037c5  0x3fa  Code  Lc  xprintffull.o [3]
_LitobFull              0x080036b9  0x10a  Code  Lc  xprintffull.o [3]
_LocaleEncoding         0x0800492d    0xe  Code  Gb  setlocale.o [3]
_LocaleReturnString     0x200005c0   0x50  Data  Lc  setlocale.o [3]
_Locale_Profile         0x200005a4   0x1c  Data  Gb  setlocale.o [3]
_Locale_aeabi_lconv     0x20000564   0x38  Data  Gb  localeconv.o [3]
_Locale_lconv           0x20000514   0x50  Data  Gb  localeconv.o [3]
_Mbtowc                 0x08003e63   0x20  Code  Gb  xmbtowc.o [3]
_PrintfFull             0x08002cd9  0x650  Code  Gb  xprintffull.o [3]
_PutcharsFull           0x08003e19   0x2e  Code  Lc  xprintffull.o [3]
_PutstrFull             0x080033ad  0x306  Code  Lc  xprintffull.o [3]
_SProut                 0x08002ccb    0xa  Code  Gb  xsprout.o [3]
_TzoneStr               0x2000059c    0x4  Data  Gb  setlocale.o [3]
_Wctomb                 0x08003fe9   0x1a  Code  Gb  xwctomb.o [3]
__SET_RELEASE_DATE      0x08006683   0x4c  Code  Gb  util.o [1]
__SET_VER               0x08006645   0x3e  Code  Gb  util.o [1]
___strtok               0x20004454    0x4  Data  Lc  util.o [1]
__aeabi_cdcmple         0x08004141         Code  Gb  DblCmpLe.o [4]
__aeabi_cdrcmple        0x08004171         Code  Gb  DblCmpGe.o [4]
__aeabi_d2iz            0x080042ad         Code  Gb  DblToI32.o [4]
__aeabi_d2uiz           0x080042d9         Code  Gb  DblToI32.o [4]
__aeabi_ddiv            0x08004659         Code  Gb  DblDiv.o [4]
__aeabi_dmul            0x080044b5         Code  Gb  DblMul.o [4]
__aeabi_dsub            0x08004335         Code  Gb  DblSub.o [4]
__aeabi_i2d             0x08004305         Code  Gb  I32ToDbl.o [4]
__aeabi_ldiv0           0x08002cd5         Code  Gb  I64DivZer.o [5]
__aeabi_memclr          0x08008045         Code  Gb  ABImemclr.o [5]
__aeabi_memclr4         0x0800804d         Code  Gb  ABImemclr4.o [5]
__aeabi_ui2d            0x08004319         Code  Gb  I32ToDbl.o [4]
__aeabi_uldivmod        0x08002bdd         Code  Gb  I64DivMod.o [5]
__cmain                 0x0800af8d         Code  Gb  cmain.o [5]
__data_Aldata           0x20004444    0x8  Data  Gb  xxmemxmalloc.o [3]
__data_GetMemChunk      0x080049a1   0x2c  Code  Gb  xgetmemchunk.o [3]
__data_GetMemChunk::start
                        0x20004458    0x4  Data  Lc  xgetmemchunk.o [3]
__exit                  0x0800afb9   0x14  Code  Gb  exit.o [6]
__iar_Dnorm             0x080040fd   0x44  Code  Gb  xdnorm.o [4]
__iar_Dscale            0x080041a1  0x10c  Code  Gb  xdscale.o [4]
__iar_Locale_lconv_init
                        0x080048b1   0x3a  Code  Gb  localeconv.o [3]
__iar_Mbcurmax          0x08003f2d    0xa  Code  Gb  xmbcurmax.o [3]
__iar_Memchr            0x08003ed5         Code  Gb  memchr.o [5]
__iar_Memset4_word      0x08009d1d         Code  Gb  ABImemset48.o [5]
__iar_Memset8_word      0x08009d1d         Code  Gb  ABImemset48.o [5]
__iar_Memset_word       0x08009cbd         Code  Gb  ABImemset.o [5]
__iar_Strchr            0x08003e85         Code  Gb  strchr.o [5]
__iar_d2uiz             0x080042e5         Code  Gb  DblToI32.o [4]
__iar_dadd              0x080049cd         Code  Gb  DblAdd.o [4]
__iar_data_init3        0x0800af45   0x28  Code  Gb  data_init.o [5]
__iar_dsub              0x08004349         Code  Gb  DblSub.o [4]
__iar_dsubStart         0x0800435b         Code  Gb  DblSub.o [4]
__iar_packbits_init_single3
                        0x0800af0d   0x38  Code  Gb  packbits_init_single.o [5]
__iar_program_start     0x0800aff1         Code  Gb  cstartup_M.o [5]
__iar_ui2d              0x0800431d         Code  Gb  I32ToDbl.o [4]
__iar_unaligned___aeabi_memcpy
                        0x08004005         Code  Gb  ABImemcpy_unaligned.o [5]
__iar_unaligned___aeabi_memcpy4
                        0x08004025         Code  Gb  ABImemcpy_unaligned.o [5]
__iar_unaligned___aeabi_memcpy8
                        0x08004025         Code  Gb  ABImemcpy_unaligned.o [5]
__iar_zero_init3        0x0800aecd   0x40  Code  Gb  zero_init3.o [5]
__vector_table          0x08000000         Data  Gb  startup_stm32f10x_cl78.o [1]
_call_main              0x0800af99         Code  Gb  cmain.o [5]
_exit                   0x0800afad         Code  Gb  cexit.o [5]
_main                   0x0800afa3         Code  Gb  cmain.o [5]
bAutoTagTestRun         0x2000445f    0x1  Data  Gb  rfid.o [1]
bCANBusOffOld           0x200042d8    0x2  Data  Lc  CAN.o [1]
bE2PROM_InitOK          0x20002635    0x1  Data  Gb  main.o [1]
bEnFndBlink             0x200004e4    0x1  Data  Gb  Front.o [1]
bFirstBootFlag          0x20002637    0x1  Data  Gb  main.o [1]
bFndBlinkRun            0x200004e5    0x1  Data  Gb  Front.o [1]
bFndDisplaySet          0x200004e6    0x1  Data  Gb  Front.o [1]
bLED_TestFlag           0x20004400    0x1  Data  Gb  Front.o [1]
bRFIDBootCheckTime      0x20002636    0x1  Data  Gb  main.o [1]
change_bitmap           0x080005f5   0x6e  Code  Lc  ff.o [1]
check_fs                0x080016cb   0x80  Code  Lc  ff.o [1]
chk_chr                 0x08000231   0x12  Code  Lc  ff.o [1]
clmt_clust              0x080008d3   0x30  Code  Lc  ff.o [1]
clust2sect              0x0800034d   0x16  Code  Lc  ff.o [1]
create_chain            0x080007a3  0x130  Code  Lc  ff.o [1]
create_name             0x0800137d  0x1d0  Code  Lc  ff.o [1]
create_xdir             0x08000da7   0x76  Code  Lc  ff.o [1]
dec1str                 0x0800645b    0x6  Code  Gb  util.o [1]
dec2str                 0x08006443   0x18  Code  Gb  util.o [1]
dir_alloc               0x08000a99   0x50  Code  Lc  ff.o [1]
dir_find                0x08000f5f  0x1ba  Code  Lc  ff.o [1]
dir_next                0x0800099b   0xfa  Code  Lc  ff.o [1]
dir_read                0x08000e1d  0x142  Code  Lc  ff.o [1]
dir_register            0x08001121  0x244  Code  Lc  ff.o [1]
dir_sdi                 0x08000903   0x98  Code  Lc  ff.o [1]
disk                    0x20004420    0xc  Data  Gb  ff_gen_drv.o [1]
disk_initialize         0x08002717   0x1e  Code  Gb  diskio.o [1]
disk_ioctl              0x0800275d   0x18  Code  Gb  diskio.o [1]
disk_read               0x08002735    0xc  Code  Gb  diskio.o [1]
disk_status             0x08002705   0x12  Code  Gb  diskio.o [1]
disk_write              0x08002741    0xc  Code  Gb  diskio.o [1]
div                     0x0800491d    0xe  Code  Gb  div.o [3]
exit                    0x0800afa7    0x4  Code  Gb  exit.o [3]
f_close                 0x0800213d   0x20  Code  Gb  ff.o [1]
f_lseek                 0x0800215d  0x2e0  Code  Gb  ff.o [1]
f_mount                 0x08001af3   0x50  Code  Gb  ff.o [1]
f_open                  0x08001b61  0x2be  Code  Gb  ff.o [1]
f_printf                0x08002577  0x172  Code  Gb  ff.o [1]
f_sync                  0x08002013  0x120  Code  Gb  ff.o [1]
f_write                 0x08001e33  0x1b8  Code  Gb  ff.o [1]
ff_convert              0x08002779   0x3a  Code  Gb  ccsbcs.o [1]
ff_wtoupper             0x080027b5   0x76  Code  Gb  ccsbcs.o [1]
ff_wtoupper::cvt1       0x0800292c  0x1f4  Data  Lc  ccsbcs.o [1]
ff_wtoupper::cvt2       0x08002b20   0xbc  Data  Lc  ccsbcs.o [1]
fil                     0x20000010  0x258  Data  Gb  SD_Card.o [1]
fill_first_frag         0x0800066b   0x2e  Code  Lc  ff.o [1]
fill_last_frag          0x08000699   0x2c  Code  Lc  ff.o [1]
find_bitmap             0x08000573   0x82  Code  Lc  ff.o [1]
find_volume             0x0800174b  0x372  Code  Lc  ff.o [1]
follow_path             0x080015e5   0xa8  Code  Lc  ff.o [1]
free                    0x0800407d   0x7a  Code  Gb  xxmemxfree.o [3]
fs                      0x20000268  0x238  Data  Gb  SD_Card.o [1]
gTrainPos               0x200043d4    0x1  Data  Gb  MyTpu.o [1]
gen_numname             0x08000b41   0x80  Code  Lc  ff.o [1]
get_fat                 0x08000365  0x124  Code  Lc  ff.o [1]
get_ldnumber            0x0800168d   0x3e  Code  Lc  ff.o [1]
inout_sel               0x08005ab1   0x7e  Code  Gb  Common.o [1]
ld_clust                0x08000af3   0x26  Code  Lc  ff.o [1]
ld_dword                0x08000157   0x10  Code  Lc  ff.o [1]
ld_qword                0x0800016d   0x44  Code  Lc  ff.o [1]
ld_word                 0x08000151    0x6  Code  Lc  ff.o [1]
load_obj_dir            0x08000d1b   0x32  Code  Lc  ff.o [1]
load_xdir               0x08000c57   0xc4  Code  Lc  ff.o [1]
localeconv              0x080048eb   0x16  Code  Gb  localeconv.o [3]
m_Config                0x2000314c    0x4  Data  Gb  main.o [1]
m_Elapsed               0x080059cd   0x14  Code  Gb  Common.o [1]
m_PgmEnv                0x20002618   0x10  Data  Gb  main.o [1]
main                    0x0800a2df  0x44e  Code  Gb  main.o [1]
malloc                  0x08003f39   0xac  Code  Gb  xxmemxmalloc.o [3]
mem_cmp                 0x08000219   0x18  Code  Lc  ff.o [1]
mem_cpy                 0x080001ff   0x10  Code  Lc  ff.o [1]
mem_set                 0x0800020f    0xa  Code  Lc  ff.o [1]
memchr                  0x08003ed5         Code  Gb  memchr.o [5]
menuClock               0x200004e3    0x1  Data  Gb  Front.o [1]
menuParam               0x200004e1    0x1  Data  Gb  Front.o [1]
menuSetVal              0x200004e2    0x1  Data  Gb  Front.o [1]
menuStringEvent         0x200004a0    0x8  Data  Gb  AppLog.o [1]
menuStringMyTag         0x200004a8    0x8  Data  Gb  AppLog.o [1]
menuStringTrainPosition
                        0x200004b0   0x14  Data  Gb  AppLog.o [1]
move_window             0x08000289   0x34  Code  Lc  ff.o [1]
myatoi                  0x08006505   0x2c  Code  Gb  util.o [1]
mymemcmp                0x08006531   0x1c  Code  Gb  util.o [1]
mymemcpy                0x0800657f    0x2  Code  Gb  util.o [1]
mynewcmp                0x0800654d   0x10  Code  Gb  util.o [1]
myprintf                0x08006595   0x3a  Code  Gb  util.o [1]
myputs                  0x080065cf   0x12  Code  Gb  util.o [1]
myputsln                0x080065e3   0x28  Code  Gb  util.o [1]
myputsn                 0x080065e1    0x2  Code  Gb  util.o [1]
myputxx                 0x0800660b   0x1e  Code  Gb  util.o [1]
mystrlen                0x0800655d   0x10  Code  Gb  util.o [1]
mystrncpy               0x0800657d    0x2  Code  Gb  util.o [1]
mystrpbrk               0x0800649b   0x26  Code  Gb  util.o [1]
mystrspn                0x0800646f   0x2c  Code  Gb  util.o [1]
mystrtok                0x080064c1   0x44  Code  Gb  util.o [1]
mytoggle                0x08006461    0xe  Code  Gb  util.o [1]
myu8strlen              0x0800656d   0x10  Code  Gb  util.o [1]
put_fat                 0x08000489   0xe4  Code  Lc  ff.o [1]
putc_bfd                0x080024eb   0x46  Code  Lc  ff.o [1]
putc_flush              0x08002531   0x2e  Code  Lc  ff.o [1]
putc_init               0x0800255f    0xa  Code  Lc  ff.o [1]
remove_chain            0x080006c5   0xde  Code  Lc  ff.o [1]
retUSER                 0x20004434    0x1  Data  Gb  fatfs.o [1]
rfidMinAttnValue        0x2000445e    0x1  Data  Gb  main.o [1]
s_DateStructVar         0x2000441c    0x4  Data  Gb  CpuRtc.o [1]
s_TimeStructVar         0x20004414    0x8  Data  Gb  CpuRtc.o [1]
send_ver_response       0x08005fc3   0x8a  Code  Lc  CAN.o [1]
sio_rx                  0x20002b94  0x528  Data  Gb  main.o [1]
sio_tx                  0x2000266c  0x528  Data  Gb  main.o [1]
sprintf                 0x08009e85   0x34  Code  Gb  sprintf.o [3]
st_clust                0x08000b19   0x28  Code  Lc  ff.o [1]
st_dword                0x080001b9   0x10  Code  Lc  ff.o [1]
st_qword                0x080001c9   0x36  Code  Lc  ff.o [1]
st_word                 0x080001b1    0x8  Code  Lc  ff.o [1]
store_xdir              0x08000d4d   0x5a  Code  Lc  ff.o [1]
strchr                  0x08003e85         Code  Gb  strchr.o [5]
strlen                  0x08003e9d         Code  Gb  strlen.o [5]
sum_sfn                 0x08000bc1   0x1c  Code  Lc  ff.o [1]
sync_fs                 0x080002bd   0x88  Code  Lc  ff.o [1]
sync_window             0x08000243   0x38  Code  Lc  ff.o [1]
tagGrfOld               0x20004308   0x44  Data  Gb  rfid.o [1]
tagTestOld              0x2000434c   0x44  Data  Gb  rfid.o [1]
timeout_can_alarm       0x20004304    0x4  Data  Lc  CAN.o [1]
tpuTimer                0x200043d8   0x14  Data  Lc  MyTpu.o [1]
validate                0x08001abd   0x36  Code  Lc  ff.o [1]
vsprintf                0x080083bd   0x2c  Code  Gb  vsprintf.o [3]
xdir_sum                0x08000bdd   0x36  Code  Lc  ff.o [1]
xname_sum               0x08000c13   0x44  Code  Lc  ff.o [1]


[1] = D:\1.Project_workspace\RFIDCU_SD\EWARMv6.2\Release\Obj
[2] = command line
[3] = dl7M_tlf.a
[4] = m7M_tl.a
[5] = rt7M_tl.a
[6] = shb_l.a

  45 104 bytes of readonly  code memory
     299 bytes of readonly  data memory
  17 502 bytes of readwrite data memory

Errors: none
Warnings: none
